[debug] [2026-09-07T18:22:37.344Z] ----------------------------------------------------------------------
[debug] [2026-09-07T18:22:37.347Z] Command:       /opt/homebrew/Cellar/node@24/24.18.0/bin/node /usr/local/bin/firebase init firestore --project drmal-b8f0d
[debug] [2026-09-07T18:22:37.348Z] CLI Version:   13.28.0
[debug] [2026-09-07T18:22:37.348Z] Platform:      darwin
[debug] [2026-09-07T18:22:37.348Z] Node Version:  v24.18.0
[debug] [2026-09-07T18:22:37.348Z] Time:          Mon Sep 07 2026 14:22:37 GMT-0400 (Eastern Daylight Time)
[debug] [2026-09-07T18:22:37.348Z] ----------------------------------------------------------------------
[debug] 
[debug] [2026-09-07T18:22:37.350Z] > command requires scopes: ["email","openid","https://www.googleapis.com/auth/cloudplatformprojects.readonly","https://www.googleapis.com/auth/firebase","https://www.googleapis.com/auth/cloud-platform"]
[debug] [2026-09-07T18:22:37.351Z] > authorizing via signed-in user (fobimathias@gmail.com)
[info] 
     ######## #### ########  ######## ########     ###     ######  ########
     ##        ##  ##     ## ##       ##     ##  ##   ##  ##       ##
     ######    ##  ########  ######   ########  #########  ######  ######
     ##        ##  ##    ##  ##       ##     ## ##     ##       ## ##
     ##       #### ##     ## ######## ########  ##     ##  ######  ########

You're about to initialize a Firebase project in this directory:

  /Users/mathiasfobi/.openclaw/workspace/dr-fobi-tribute

[info] 
=== Project Setup
[info] 
[info] First, let's associate this project directory with a Firebase project.
[info] You can create multiple project aliases by running firebase use --add, 
[info] but for now we'll just set up a default project.
[info] 
[debug] [2026-09-07T18:22:37.352Z] Using project from CLI flag: drmal-b8f0d
[debug] [2026-09-07T18:22:37.352Z] Checked if tokens are valid: false, expires at: 1733511555862
[debug] [2026-09-07T18:22:37.353Z] Checked if tokens are valid: false, expires at: 1733511555862
[debug] [2026-09-07T18:22:37.357Z] > refreshing access token with scopes: []
[debug] [2026-09-07T18:22:37.358Z] >>> [apiv2][query] POST https://www.googleapis.com/oauth2/v3/token [none]
[debug] [2026-09-07T18:22:37.358Z] >>> [apiv2][body] POST https://www.googleapis.com/oauth2/v3/token [omitted]
[debug] [2026-09-07T18:22:37.447Z] <<< [apiv2][status] POST https://www.googleapis.com/oauth2/v3/token 400
[debug] [2026-09-07T18:22:37.447Z] <<< [apiv2][body] POST https://www.googleapis.com/oauth2/v3/token [omitted]
[debug] [2026-09-07T18:22:37.448Z] >>> [apiv2][query] GET https://firebase.googleapis.com/v1beta1/projects/drmal-b8f0d [none]
[debug] [2026-09-07T18:22:37.542Z] <<< [apiv2][status] GET https://firebase.googleapis.com/v1beta1/projects/drmal-b8f0d 401
[debug] [2026-09-07T18:22:37.542Z] <<< [apiv2][body] GET https://firebase.googleapis.com/v1beta1/projects/drmal-b8f0d {"error":{"code":401,"message":"Request had invalid authentication credentials. Expected OAuth 2 access token, login cookie or other valid authentication credential. See https://developers.google.com/identity/sign-in/web/devconsole-project.","status":"UNAUTHENTICATED"}}
[debug] [2026-09-07T18:22:37.542Z] Got a 401 Unauthenticated error for a call that required authentication. Refreshing tokens.
[debug] [2026-09-07T18:22:37.542Z] Checked if tokens are valid: false, expires at: 1733511555862
[debug] [2026-09-07T18:22:37.542Z] Checked if tokens are valid: false, expires at: 1733511555862
[debug] [2026-09-07T18:22:37.542Z] > refreshing access token with scopes: []
[debug] [2026-09-07T18:22:37.542Z] >>> [apiv2][query] POST https://www.googleapis.com/oauth2/v3/token [none]
[debug] [2026-09-07T18:22:37.542Z] >>> [apiv2][body] POST https://www.googleapis.com/oauth2/v3/token [omitted]
[debug] [2026-09-07T18:22:37.573Z] <<< [apiv2][status] POST https://www.googleapis.com/oauth2/v3/token 400
[debug] [2026-09-07T18:22:37.573Z] <<< [apiv2][body] POST https://www.googleapis.com/oauth2/v3/token [omitted]
[debug] [2026-09-07T18:22:37.574Z] Request to https://firebase.googleapis.com/v1beta1/projects/drmal-b8f0d had HTTP Error: 401, Request had invalid authentication credentials. Expected OAuth 2 access token, login cookie or other valid authentication credential. See https://developers.google.com/identity/sign-in/web/devconsole-project.
[debug] [2026-09-07T18:22:37.650Z] FirebaseError: Request to https://firebase.googleapis.com/v1beta1/projects/drmal-b8f0d had HTTP Error: 401, Request had invalid authentication credentials. Expected OAuth 2 access token, login cookie or other valid authentication credential. See https://developers.google.com/identity/sign-in/web/devconsole-project.
    at responseToError (/usr/local/lib/node_modules/firebase-tools/lib/responseToError.js:52:12)
    at RetryOperation._fn (/usr/local/lib/node_modules/firebase-tools/lib/apiv2.js:312:77)
    at process.processTicksAndRejections (node:internal/process/task_queues:104:5)
[error] 
[error] Error: Failed to get Firebase project drmal-b8f0d. Please make sure the project exists and your account has permission to access it.
